PYTHONPATH=.:src .venv/bin/python -m scenescore.cli test-contracts
{
  "status": "passed",
  "checks": [
    {
      "path": "fixtures/contracts/AcquisitionMetadata.json",
      "expected_valid": true,
      "actual_valid": true
    },
    {
      "path": "fixtures/contracts/EEGChunk.json",
      "expected_valid": true,
      "actual_valid": true
    },
    {
      "path": "fixtures/contracts/BlinkCandidate.json",
      "expected_valid": true,
      "actual_valid": true
    },
    {
      "path": "fixtures/contracts/GestureEvent.json",
      "expected_valid": true,
      "actual_valid": true
    },
    {
      "path": "fixtures/contracts/ControlAction.json",
      "expected_valid": true,
      "actual_valid": true
    },
    {
      "path": "fixtures/contracts/SceneManifest.json",
      "expected_valid": true,
      "actual_valid": true
    },
    {
      "path": "fixtures/contracts/ObjectState.json",
      "expected_valid": true,
      "actual_valid": true
    },
    {
      "path": "fixtures/contracts/InteractionEvent.json",
      "expected_valid": true,
      "actual_valid": true
    },
    {
      "path": "fixtures/contracts/CompositionSpec.json",
      "expected_valid": true,
      "actual_valid": true
    },
    {
      "path": "fixtures/contracts/BrushGroove.json",
      "expected_valid": true,
      "actual_valid": true
    },
    {
      "path": "fixtures/contracts/ScoreEvent.json",
      "expected_valid": true,
      "actual_valid": true
    },
    {
      "path": "fixtures/contracts/AudioAssetManifest.json",
      "expected_valid": true,
      "actual_valid": true
    },
    {
      "path": "fixtures/contracts/ArrangementPlan.json",
      "expected_valid": true,
      "actual_valid": true
    },
    {
      "path": "fixtures/contracts/Approval.json",
      "expected_valid": true,
      "actual_valid": true
    },
    {
      "path": "fixtures/contracts/ClockMapping.json",
      "expected_valid": true,
      "actual_valid": true
    },
    {
      "path": "fixtures/contracts/RunManifest.json",
      "expected_valid": true,
      "actual_valid": true
    },
    {
      "path": "fixtures/contracts/EvaluationReport.json",
      "expected_valid": true,
      "actual_valid": true
    },
    {
      "path": "fixtures/contracts/CapabilityRequest.json",
      "expected_valid": true,
      "actual_valid": true
    },
    {
      "path": "fixtures/contracts/near-miss.json",
      "expected_valid": true,
      "actual_valid": true
    },
    {
      "path": "fixtures/contracts/separating-pair.json",
      "expected_valid": true,
      "actual_valid": true
    },
    {
      "path": "fixtures/contracts/packet-loss.json",
      "expected_valid": true,
      "actual_valid": true
    },
    {
      "path": "fixtures/contracts/no-event.json",
      "expected_valid": true,
      "actual_valid": true
    },
    {
      "path": "fixtures/contracts/bad-quality.json",
      "expected_valid": true,
      "actual_valid": true
    },
    {
      "path": "fixtures/contracts/gesture-1.json",
      "expected_valid": true,
      "actual_valid": true
    },
    {
      "path": "fixtures/contracts/gesture-3.json",
      "expected_valid": true,
      "actual_valid": true
    },
    {
      "path": "fixtures/contracts/bad-version.json",
      "expected_valid": false,
      "actual_valid": false
    },
    {
      "path": "fixtures/contracts/bad-units.json",
      "expected_valid": false,
      "actual_valid": false
    },
    {
      "path": "fixtures/contracts/extra-field.json",
      "expected_valid": false,
      "actual_valid": false
    },
    {
      "path": "fixtures/contracts/self-pair.json",
      "expected_valid": false,
      "actual_valid": false
    },
    {
      "path": "fixtures/contracts/fake-impact.json",
      "expected_valid": false,
      "actual_valid": false
    },
    {
      "path": "fixtures/contracts/contact-near-miss.json",
      "expected_valid": false,
      "actual_valid": false
    },
    {
      "path": "fixtures/contracts/bad-pair-id.json",
      "expected_valid": false,
      "actual_valid": false
    },
    {
      "path": "fixtures/contracts/stale-times.json",
      "expected_valid": false,
      "actual_valid": false
    },
    {
      "path": "fixtures/contracts/mismatched-channels.json",
      "expected_valid": false,
      "actual_valid": false
    },
    {
      "path": "fixtures/contracts/wrong-receipt-clock.json",
      "expected_valid": false,
      "actual_valid": false
    },
    {
      "path": "fixtures/contracts/time-reversal.json",
      "expected_valid": false,
      "actual_valid": false
    },
    {
      "path": "fixtures/contracts/mixed-epoch.json",
      "expected_valid": false,
      "actual_valid": false
    },
    {
      "path": "fixtures/contracts/count-mismatch.json",
      "expected_valid": false,
      "actual_valid": false
    },
    {
      "path": "fixtures/contracts/double-gain-change.json",
      "expected_valid": false,
      "actual_valid": false
    },
    {
      "path": "fixtures/contracts/single-action.json",
      "expected_valid": false,
      "actual_valid": false
    },
    {
      "path": "fixtures/contracts/triple-default-action.json",
      "expected_valid": false,
      "actual_valid": false
    },
    {
      "path": "fixtures/contracts/bad-quality-action.json",
      "expected_valid": false,
      "actual_valid": false
    },
    {
      "path": "fixtures/contracts/missing-approval.json",
      "expected_valid": false,
      "actual_valid": false
    },
    {
      "path": "fixtures/contracts/duplicate-object.json",
      "expected_valid": false,
      "actual_valid": false
    },
    {
      "path": "fixtures/contracts/inverted-bounds.json",
      "expected_valid": false,
      "actual_valid": false
    },
    {
      "path": "fixtures/contracts/invalid-quaternion.json",
      "expected_valid": false,
      "actual_valid": false
    },
    {
      "path": "fixtures/contracts/bad-hash.json",
      "expected_valid": false,
      "actual_valid": false
    },
    {
      "path": "fixtures/contracts/pitched-brush.json",
      "expected_valid": false,
      "actual_valid": false
    },
    {
      "path": "fixtures/contracts/overflow-note.json",
      "expected_valid": false,
      "actual_valid": false
    },
    {
      "path": "fixtures/contracts/tempo-reversal.json",
      "expected_valid": false,
      "actual_valid": false
    },
    {
      "path": "fixtures/contracts/unpitched-note.json",
      "expected_valid": false,
      "actual_valid": false
    },
    {
      "path": "fixtures/contracts/quantized-foley.json",
      "expected_valid": false,
      "actual_valid": false
    },
    {
      "path": "fixtures/contracts/double-swing.json",
      "expected_valid": false,
      "actual_valid": false
    },
    {
      "path": "fixtures/contracts/register-inversion.json",
      "expected_valid": false,
      "actual_valid": false
    },
    {
      "path": "fixtures/contracts/bad-transition.json",
      "expected_valid": false,
      "actual_valid": false
    },
    {
      "path": "fixtures/contracts/leaky-split.json",
      "expected_valid": false,
      "actual_valid": false
    },
    {
      "path": "fixtures/contracts/fake-statistical-support.json",
      "expected_valid": false,
      "actual_valid": false
    },
    {
      "path": "fixtures/contracts/excess-armed-exposure.json",
      "expected_valid": false,
      "actual_valid": false
    },
    {
      "path": "fixtures/contracts/invalid-clock-range.json",
      "expected_valid": false,
      "actual_valid": false
    },
    {
      "path": "fixtures/contracts/non-positive-timeout.json",
      "expected_valid": false,
      "actual_valid": false
    }
  ],
  "evidence_mode": "synthetic"
}
npm run test:contracts

> scenescore-harness@0.1.0 test:contracts
> node --import tsx --test tests/ts/*.test.ts

✔ fixtures/contracts/AcquisitionMetadata.json (49.396542ms)
✔ fixtures/contracts/EEGChunk.json (2.189958ms)
✔ fixtures/contracts/BlinkCandidate.json (0.85275ms)
✔ fixtures/contracts/GestureEvent.json (0.860333ms)
✔ fixtures/contracts/ControlAction.json (1.08275ms)
✔ fixtures/contracts/SceneManifest.json (2.05925ms)
✔ fixtures/contracts/ObjectState.json (1.278125ms)
✔ fixtures/contracts/InteractionEvent.json (1.561ms)
✔ fixtures/contracts/CompositionSpec.json (1.525542ms)
✔ fixtures/contracts/BrushGroove.json (0.840542ms)
✔ fixtures/contracts/ScoreEvent.json (1.753083ms)
✔ fixtures/contracts/AudioAssetManifest.json (2.313ms)
✔ fixtures/contracts/ArrangementPlan.json (0.724458ms)
✔ fixtures/contracts/Approval.json (0.485709ms)
✔ fixtures/contracts/ClockMapping.json (0.330334ms)
✔ fixtures/contracts/RunManifest.json (0.490834ms)
✔ fixtures/contracts/EvaluationReport.json (0.544ms)
✔ fixtures/contracts/CapabilityRequest.json (0.395083ms)
✔ fixtures/contracts/near-miss.json (0.359208ms)
✔ fixtures/contracts/separating-pair.json (0.253542ms)
✔ fixtures/contracts/packet-loss.json (0.381375ms)
✔ fixtures/contracts/no-event.json (0.331667ms)
✔ fixtures/contracts/bad-quality.json (0.280542ms)
✔ fixtures/contracts/gesture-1.json (0.364916ms)
✔ fixtures/contracts/gesture-3.json (0.677917ms)
✔ fixtures/contracts/bad-version.json (0.826917ms)
✔ fixtures/contracts/bad-units.json (0.529708ms)
✔ fixtures/contracts/extra-field.json (0.528667ms)
✔ fixtures/contracts/self-pair.json (0.590542ms)
✔ fixtures/contracts/fake-impact.json (0.355459ms)
✔ fixtures/contracts/contact-near-miss.json (0.845916ms)
✔ fixtures/contracts/bad-pair-id.json (1.536ms)
✔ fixtures/contracts/stale-times.json (0.411041ms)
✔ fixtures/contracts/mismatched-channels.json (0.459125ms)
✔ fixtures/contracts/wrong-receipt-clock.json (1.341792ms)
✔ fixtures/contracts/time-reversal.json (0.7265ms)
✔ fixtures/contracts/mixed-epoch.json (0.417041ms)
✔ fixtures/contracts/count-mismatch.json (0.333458ms)
✔ fixtures/contracts/double-gain-change.json (0.760542ms)
✔ fixtures/contracts/single-action.json (0.448083ms)
✔ fixtures/contracts/triple-default-action.json (0.375083ms)
✔ fixtures/contracts/bad-quality-action.json (0.36225ms)
✔ fixtures/contracts/missing-approval.json (0.344458ms)
✔ fixtures/contracts/duplicate-object.json (0.352ms)
✔ fixtures/contracts/inverted-bounds.json (0.368959ms)
✔ fixtures/contracts/invalid-quaternion.json (0.269041ms)
✔ fixtures/contracts/bad-hash.json (0.294083ms)
✔ fixtures/contracts/pitched-brush.json (0.300125ms)
✔ fixtures/contracts/overflow-note.json (0.462708ms)
✔ fixtures/contracts/tempo-reversal.json (0.559958ms)
✔ fixtures/contracts/unpitched-note.json (0.408791ms)
✔ fixtures/contracts/quantized-foley.json (0.28825ms)
✔ fixtures/contracts/double-swing.json (0.2705ms)
✔ fixtures/contracts/register-inversion.json (0.368916ms)
✔ fixtures/contracts/bad-transition.json (0.738791ms)
✔ fixtures/contracts/leaky-split.json (0.51075ms)
✔ fixtures/contracts/fake-statistical-support.json (0.858792ms)
✔ fixtures/contracts/excess-armed-exposure.json (0.693125ms)
✔ fixtures/contracts/invalid-clock-range.json (0.459792ms)
✔ fixtures/contracts/non-positive-timeout.json (1.645958ms)
✔ nonfinite scores fail (1.056625ms)
✔ clock and gesture boundary discipline (1.740334ms)
✔ scheduler deduplicates sequence, preserves lanes and drops old epochs (3.861084ms)
✔ content hashing is exact bytes (0.301334ms)
✔ bundle rejects unknown references and catalogue versions (8.499ms)
✔ Python envelope action passes frozen TypeScript contract without extra canonical fields (82.831417ms)
✔ keyboard: canonical adapter action uses Timeline.submit gates and one-pending limit (45.470583ms)
✔ synthetic: canonical adapter action uses Timeline.submit gates and one-pending limit (20.315167ms)
✔ replay: canonical adapter action uses Timeline.submit gates and one-pending limit (51.859167ms)
✔ real_device: canonical adapter action uses Timeline.submit gates and one-pending limit (108.694375ms)
ℹ tests 70
ℹ suites 0
ℹ pass 70
ℹ fail 0
ℹ cancelled 0
ℹ skipped 0
ℹ todo 0
ℹ duration_ms 2833.956083
