{
  "status": "DRAFT_NOT_APPROVED",
  "audition_status": "AUDITION_PENDING",
  "mux_sha256": "a4d2682c76d00433a177589abc573f4323f31a77dd862043e2bbd3e3f84586dd",
  "source_report_sha256": "6af9ae99e08782fa9de846e6b81bd16dbb1b688f0eb06006cec0b5627493e76b",
  "jobs": [
    {
      "log": "artifacts/collision-riffs/vibraphone-v1/Pocket-Workshop-DRAFT.source-probe.log",
      "log_sha256": "afe50f93816a76b0260ea8573963a00c81c849955617de2da5cdd5f2af226226",
      "command": [
        "ffprobe",
        "-v",
        "error",
        "-threads",
        "2",
        "-show_streams",
        "-of",
        "json",
        "apps/web/public/riff-studio/contact.mp4"
      ],
      "timeout_s": 90,
      "status": "passed",
      "process_group_absent": true,
      "pid": 26147,
      "pgid": 26147,
      "returncode": 0,
      "cleanup_signals": [],
      "duration_s": 0.04533029196318239
    },
    {
      "log": "artifacts/collision-riffs/vibraphone-v1/Pocket-Workshop-DRAFT.encode.log",
      "log_sha256": "e3b0c44298fc1c149afbf4c8996fb92427ae41e4649b934ca495991b7852b855",
      "command": [
        "/opt/homebrew/bin/ffmpeg",
        "-nostdin",
        "-n",
        "-v",
        "error",
        "-threads",
        "2",
        "-i",
        "apps/web/public/riff-studio/contact.mp4",
        "-i",
        "artifacts/collision-riffs/vibraphone-v1/DRAFT-mix.wav",
        "-map",
        "0:v:0",
        "-map",
        "1:a:0",
        "-c:v",
        "copy",
        "-c:a",
        "aac",
        "-b:a",
        "192k",
        "-t",
        "30",
        "-movflags",
        "+faststart",
        "artifacts/collision-riffs/vibraphone-v1/Pocket-Workshop-DRAFT.mp4"
      ],
      "timeout_s": 90,
      "status": "passed",
      "process_group_absent": true,
      "pid": 26149,
      "pgid": 26149,
      "returncode": 0,
      "cleanup_signals": [],
      "duration_s": 0.6420735419960693
    },
    {
      "log": "artifacts/collision-riffs/vibraphone-v1/Pocket-Workshop-DRAFT.mux-probe.log",
      "log_sha256": "c313da2c81c927efb6253a44c1c0ce0cf243d31f29762926f38630509acd0fc6",
      "command": [
        "ffprobe",
        "-v",
        "error",
        "-threads",
        "2",
        "-show_streams",
        "-show_format",
        "-of",
        "json",
        "artifacts/collision-riffs/vibraphone-v1/Pocket-Workshop-DRAFT.mp4"
      ],
      "timeout_s": 90,
      "status": "passed",
      "process_group_absent": true,
      "pid": 26154,
      "pgid": 26154,
      "returncode": 0,
      "cleanup_signals": [],
      "duration_s": 0.04087083297781646
    }
  ],
  "approval": null,
  "selection": {
    "approval": null,
    "entry": {
      "audition": "NOT_RUN",
      "bundle_index_hash": "f7a5e9984ebe6079756c048f88f1f14d2f676de986d539d5697a2fc91edca86b",
      "duration_s": 30,
      "frame_count": 240,
      "human_full_motion_approval": "PENDING",
      "path": "validated-hero/10_projectile_tower-default",
      "scene_id": "10_projectile_tower:default:ccf899f76881",
      "source_hash": "c56a934ace66448e9f38643dea88f2f3a51a06efb6498bee23d02695facf02b4",
      "validation": {
        "canonical_records": 3871,
        "continuous_near_miss_certificate": "PASSED",
        "evaluated_trajectory": "PASSED",
        "physical_impact_validation": "NOT_CLAIMED",
        "status": "PASSED",
        "video": "FRAME_COUNT_DURATION_HASH_PASSED",
        "visual_qa": "SEPARATE_REVIEW_REQUIRED"
      },
      "video_hash": "07a65b59bda1afc07fc1397f72232f2855df595b2cfe3948ea602d517890a04a",
      "visual_qa": "SELECTED_FRAMES_AGENT_REVIEWED"
    },
    "label": "Legacy \u00b7 authored choreography",
    "legacy_choreography": true,
    "selection_file": "/Users/agent/Desktop/SceneScore/artifacts/blender/phase2b-gate.json",
    "selection_sha256": "3970c30e16629ff54a19325dcfd9615c87072143b7b9a7c6dc52d1859ccd6a30",
    "variant": "hero"
  },
  "playback_window_sha256": null,
  "audio_encoding": "AAC transcode; original lossless WAV retained",
  "timestamp_offset_s": 0,
  "duration_s": 30
}
