{
  "status": "DRAFT_NOT_APPROVED",
  "audition_status": "AUDITION_PENDING",
  "mux_sha256": "d1d024256487765d7463ebc88a707f9952ac41bd1b6c75fed042b230b209a2bb",
  "source_report_sha256": "327da944ce7ad461f8c95b8b0ccb0eae058e44d3e9a83548f731fd23fa0f6573",
  "jobs": [
    {
      "log": "artifacts/music-vertical/candidate-v1/unmodified-draft.source-probe.log",
      "log_sha256": "afe50f93816a76b0260ea8573963a00c81c849955617de2da5cdd5f2af226226",
      "command": [
        "ffprobe",
        "-v",
        "error",
        "-threads",
        "2",
        "-show_streams",
        "-of",
        "json",
        "artifacts/music-vertical/candidate-v1/preview.mp4"
      ],
      "timeout_s": 90,
      "status": "passed",
      "process_group_absent": true,
      "pid": 15885,
      "pgid": 15885,
      "returncode": 0,
      "cleanup_signals": [],
      "duration_s": 0.04122983303386718
    },
    {
      "log": "artifacts/music-vertical/candidate-v1/unmodified-draft.encode.log",
      "log_sha256": "e3b0c44298fc1c149afbf4c8996fb92427ae41e4649b934ca495991b7852b855",
      "command": [
        "/opt/homebrew/bin/ffmpeg",
        "-nostdin",
        "-n",
        "-v",
        "error",
        "-threads",
        "2",
        "-i",
        "artifacts/music-vertical/candidate-v1/preview.mp4",
        "-i",
        "artifacts/music-vertical/candidate-v1/unmodified-audio/unmodified-mix.wav",
        "-map",
        "0:v:0",
        "-map",
        "1:a:0",
        "-c:v",
        "copy",
        "-c:a",
        "aac",
        "-b:a",
        "192k",
        "-t",
        "30",
        "-movflags",
        "+faststart",
        "artifacts/music-vertical/candidate-v1/unmodified-draft.mp4"
      ],
      "timeout_s": 90,
      "status": "passed",
      "process_group_absent": true,
      "pid": 15887,
      "pgid": 15887,
      "returncode": 0,
      "cleanup_signals": [],
      "duration_s": 0.5418622499564663
    },
    {
      "log": "artifacts/music-vertical/candidate-v1/unmodified-draft.mux-probe.log",
      "log_sha256": "8c5907e22047937c384eb39403635ca38a16f71a5efe553452eb8c933e5bb525",
      "command": [
        "ffprobe",
        "-v",
        "error",
        "-threads",
        "2",
        "-show_streams",
        "-show_format",
        "-of",
        "json",
        "artifacts/music-vertical/candidate-v1/unmodified-draft.mp4"
      ],
      "timeout_s": 90,
      "status": "passed",
      "process_group_absent": true,
      "pid": 15889,
      "pgid": 15889,
      "returncode": 0,
      "cleanup_signals": [],
      "duration_s": 0.04146941693034023
    }
  ],
  "approval": null,
  "selection": null,
  "playback_window_sha256": null,
  "audio_encoding": "AAC transcode; original lossless WAV retained",
  "timestamp_offset_s": 0,
  "duration_s": 30
}
