{
  "status": "DRAFT_NOT_APPROVED",
  "audition_status": "AUDITION_PENDING",
  "mux_sha256": "3646bea555ad8f8e3a0255cb349cc6b71a0436903e8de1ee8ebfab1811bf7e10",
  "source_report_sha256": "83937223f6ee3f9ca6d35a8ef568aeae7742fc25cc2b358fea91c1f76f91b3e3",
  "jobs": [
    {
      "log": "artifacts/music-vertical/candidate-v1/mapped-draft.source-probe.log",
      "log_sha256": "afe50f93816a76b0260ea8573963a00c81c849955617de2da5cdd5f2af226226",
      "command": [
        "ffprobe",
        "-v",
        "error",
        "-threads",
        "2",
        "-show_streams",
        "-of",
        "json",
        "artifacts/music-vertical/candidate-v1/preview.mp4"
      ],
      "timeout_s": 90,
      "status": "passed",
      "process_group_absent": true,
      "pid": 15884,
      "pgid": 15884,
      "returncode": 0,
      "cleanup_signals": [],
      "duration_s": 0.04027991695329547
    },
    {
      "log": "artifacts/music-vertical/candidate-v1/mapped-draft.encode.log",
      "log_sha256": "e3b0c44298fc1c149afbf4c8996fb92427ae41e4649b934ca495991b7852b855",
      "command": [
        "/opt/homebrew/bin/ffmpeg",
        "-nostdin",
        "-n",
        "-v",
        "error",
        "-threads",
        "2",
        "-i",
        "artifacts/music-vertical/candidate-v1/preview.mp4",
        "-i",
        "artifacts/music-vertical/candidate-v1/mapped-audio/mapped-mix.wav",
        "-map",
        "0:v:0",
        "-map",
        "1:a:0",
        "-c:v",
        "copy",
        "-c:a",
        "aac",
        "-b:a",
        "192k",
        "-t",
        "30",
        "-movflags",
        "+faststart",
        "artifacts/music-vertical/candidate-v1/mapped-draft.mp4"
      ],
      "timeout_s": 90,
      "status": "passed",
      "process_group_absent": true,
      "pid": 15886,
      "pgid": 15886,
      "returncode": 0,
      "cleanup_signals": [],
      "duration_s": 0.53990570793394
    },
    {
      "log": "artifacts/music-vertical/candidate-v1/mapped-draft.mux-probe.log",
      "log_sha256": "6ca1a4f091f6d42f158b829b14135b617b32093d92954ff730964b5185777858",
      "command": [
        "ffprobe",
        "-v",
        "error",
        "-threads",
        "2",
        "-show_streams",
        "-show_format",
        "-of",
        "json",
        "artifacts/music-vertical/candidate-v1/mapped-draft.mp4"
      ],
      "timeout_s": 90,
      "status": "passed",
      "process_group_absent": true,
      "pid": 15888,
      "pgid": 15888,
      "returncode": 0,
      "cleanup_signals": [],
      "duration_s": 0.04119979206006974
    }
  ],
  "approval": null,
  "selection": null,
  "playback_window_sha256": null,
  "audio_encoding": "AAC transcode; original lossless WAV retained",
  "timestamp_offset_s": 0,
  "duration_s": 30
}
