TAP version 13
# Subtest: local transition matches independent Python compiler golden
ok 1 - local transition matches independent Python compiler golden
  ---
  duration_ms: 76.5418
  type: 'test'
  ...
# Subtest: default double preserves independent expression and all unpitched events
ok 2 - default double preserves independent expression and all unpitched events
  ---
  duration_ms: 19.7186
  type: 'test'
  ...
# Subtest: causal geometry direction never reads future or unknown coverage
ok 3 - causal geometry direction never reads future or unknown coverage
  ---
  duration_ms: 16.4966
  type: 'test'
  ...
# Subtest: approval binds exact bytes and changing assets invalidates it
ok 4 - approval binds exact bytes and changing assets invalidates it
  ---
  duration_ms: 156.5483
  type: 'test'
  ...
# Subtest: duplicate action and repeated train deliver once; pending queue capped
ok 5 - duplicate action and repeated train deliver once; pending queue capped
  ---
  duration_ms: 20.0904
  type: 'test'
  ...
# Subtest: late request selects next feasible boundary and never schedules past
ok 6 - late request selects next feasible boundary and never schedules past
  ---
  duration_ms: 11.9174
  type: 'test'
  ...
# Subtest: seek clears queue, advances epoch and preserves external dedup history
ok 7 - seek clears queue, advances epoch and preserves external dedup history
  ---
  duration_ms: 27.1151
  type: 'test'
  ...
# Subtest: bad quality, unrelated expression, wrong plan and unmapped clocks fail closed
ok 8 - bad quality, unrelated expression, wrong plan and unmapped clocks fail closed
  ---
  duration_ms: 27.6503
  type: 'test'
  ...
# Subtest: stationary and experimental controls cannot silently act
ok 9 - stationary and experimental controls cannot silently act
  ---
  duration_ms: 17.2812
  type: 'test'
  ...
# Subtest: video corrections are bounded and hard seeks rate-limited
ok 10 - video corrections are bounded and hard seeks rate-limited
  ---
  duration_ms: 1.6247
  type: 'test'
  ...
# Subtest: stable hash independent of property insertion order
ok 11 - stable hash independent of property insertion order
  ---
  duration_ms: 11.0244
  type: 'test'
  ...
# Subtest: pause before queued boundary rolls back the unexecuted key change
ok 12 - pause before queued boundary rolls back the unexecuted key change
  ---
  duration_ms: 24.9096
  type: 'test'
  ...
# Subtest: staccato and tenuto sound differently inside the same occupied slot
ok 13 - staccato and tenuto sound differently inside the same occupied slot
  ---
  duration_ms: 49.6171
  type: 'test'
  ...
# Subtest: offline preview is deterministic, preserves unrelated voices and never creates approval
ok 14 - offline preview is deterministic, preserves unrelated voices and never creates approval
  ---
  duration_ms: 441.8495
  type: 'test'
  ...
# Subtest: offline near-miss hold cannot stack with an unresolved transition
ok 15 - offline near-miss hold cannot stack with an unresolved transition
  ---
  duration_ms: 75.1732
  type: 'test'
  ...
# Subtest: preview rejects overlapping requests and holds on unknown motion
ok 16 - preview rejects overlapping requests and holds on unknown motion
  ---
  duration_ms: 102.5001
  type: 'test'
  ...
# Subtest: exact frozen 216-entry table has concrete bounded voice leading and stable arrivals
not ok 17 - exact frozen 216-entry table has concrete bounded voice leading and stable arrivals
  ---
  duration_ms: 12.0348
  type: 'test'
  location: 'C:\\Users\\Yaw Tia\\Desktop\\Astra Hackathon\\SceneScore\\packages\\audio\\tests\\vertical-transitions.test.ts:1:1123'
  failureType: 'testCodeFailure'
  error: |-
    Expected values to be strictly equal:
    + actual - expected
    
    + 'ed4f3aad62cc82b8908254bd0e2f0e611c9f9a71cda11d3b858a89a245dcf429'
    - 'abc0f83a5cadfbc7919d8c6e75731e52f8fe6d8af70f30078ebb3f5e932a00ba'
    
  code: 'ERR_ASSERTION'
  name: 'AssertionError'
  expected: 'abc0f83a5cadfbc7919d8c6e75731e52f8fe6d8af70f30078ebb3f5e932a00ba'
  actual: 'ed4f3aad62cc82b8908254bd0e2f0e611c9f9a71cda11d3b858a89a245dcf429'
  operator: 'strictEqual'
  stack: |-
    TestContext.<anonymous> (C:\Users\Yaw Tia\Desktop\Astra Hackathon\SceneScore\packages\audio\tests\vertical-transitions.test.ts:24:9)
    Test.runInAsyncScope (node:async_hooks:214:14)
    Test.run (node:internal/test_runner/test:1047:25)
    Test.start (node:internal/test_runner/test:944:17)
    startSubtestAfterBootstrap (node:internal/test_runner/harness:296:17)
  ...
# Subtest: every enabled edge is indexed and jazz is inaccessible even for its ±2 edges
ok 18 - every enabled edge is indexed and jazz is inaccessible even for its ±2 edges
  ---
  duration_ms: 4.703
  type: 'test'
  ...
# Subtest: all precomputed programs preserve independent lanes and acknowledgement velocity
ok 19 - all precomputed programs preserve independent lanes and acknowledgement velocity
  ---
  duration_ms: 12.2378
  type: 'test'
  ...
# Subtest: near-boundary selection uses earliest feasible safe arrival and honours strict expiry
ok 20 - near-boundary selection uses earliest feasible safe arrival and honours strict expiry
  ---
  duration_ms: 0.9308
  type: 'test'
  ...
# Subtest: accepted-path selector never traverses original score or constructs a program
ok 21 - accepted-path selector never traverses original score or constructs a program
  ---
  duration_ms: 68.6428
  type: 'test'
  ...
# Subtest: unaffected lead/object/brush/Foley events retain reference and all independent fields
ok 22 - unaffected lead/object/brush/Foley events retain reference and all independent fields
  ---
  duration_ms: 1.2021
  type: 'test'
  ...
# Subtest: a long affected sustain is split around the program without gap or double coverage
ok 23 - a long affected sustain is split around the program without gap or double coverage
  ---
  duration_ms: 60.5908
  type: 'test'
  ...
# Subtest: two signed modulations resolve sequentially and tonic variants remain bounded
ok 24 - two signed modulations resolve sequentially and tonic variants remain bounded
  ---
  duration_ms: 1.2262
  type: 'test'
  ...
# Subtest: successive overlays preserve a clipped sustain identity, timing and signed pitch history
ok 25 - successive overlays preserve a clipped sustain identity, timing and signed pitch history
  ---
  duration_ms: 56.424
  type: 'test'
  ...
# Subtest: preparation rejects terminal or unordered arrivals, wrong table, and jazz activation
ok 26 - preparation rejects terminal or unordered arrivals, wrong table, and jazz activation
  ---
  duration_ms: 22.8936
  type: 'test'
  ...
# Subtest: native frame and sample clocks cannot silently differ
ok 27 - native frame and sample clocks cannot silently differ
  ---
  duration_ms: 3.6006
  type: 'test'
  ...
# Subtest: selection preserves complete sustained event and source bytes
ok 28 - selection preserves complete sustained event and source bytes
  ---
  duration_ms: 4.0481
  type: 'test'
  ...
# Subtest: fade has same physical endpoint after resume inside final ten milliseconds
ok 29 - fade has same physical endpoint after resume inside final ten milliseconds
  ---
  duration_ms: 1.4961
  type: 'test'
  ...
# Subtest: omitted and truncated ledgers must cover the exact complete source
ok 30 - omitted and truncated ledgers must cover the exact complete source
  ---
  duration_ms: 0.8449
  type: 'test'
  ...
1..30
# tests 30
# suites 0
# pass 29
# fail 1
# cancelled 0
# skipped 0
# todo 0
# duration_ms 2385.1867
