
> scenescore-harness@0.1.0 test:contracts
> node --import tsx --test tests/ts/*.test.ts

✔ fixtures/contracts/AcquisitionMetadata.json (18.803875ms)
✔ fixtures/contracts/EEGChunk.json (0.890042ms)
✔ fixtures/contracts/BlinkCandidate.json (0.764583ms)
✔ fixtures/contracts/GestureEvent.json (0.967667ms)
✔ fixtures/contracts/ControlAction.json (1.114958ms)
✔ fixtures/contracts/SceneManifest.json (1.162583ms)
✔ fixtures/contracts/ObjectState.json (0.893917ms)
✔ fixtures/contracts/InteractionEvent.json (0.687ms)
✔ fixtures/contracts/CompositionSpec.json (0.486083ms)
✔ fixtures/contracts/BrushGroove.json (0.43625ms)
✔ fixtures/contracts/ScoreEvent.json (0.596416ms)
✔ fixtures/contracts/AudioAssetManifest.json (0.305333ms)
✔ fixtures/contracts/ArrangementPlan.json (0.453208ms)
✔ fixtures/contracts/Approval.json (0.380375ms)
✔ fixtures/contracts/ClockMapping.json (0.340459ms)
✔ fixtures/contracts/RunManifest.json (0.459458ms)
✔ fixtures/contracts/EvaluationReport.json (0.647458ms)
✔ fixtures/contracts/CapabilityRequest.json (0.470833ms)
✔ fixtures/contracts/near-miss.json (0.256291ms)
✔ fixtures/contracts/separating-pair.json (0.186625ms)
✔ fixtures/contracts/packet-loss.json (0.40175ms)
✔ fixtures/contracts/no-event.json (0.407417ms)
✔ fixtures/contracts/bad-quality.json (0.399834ms)
✔ fixtures/contracts/gesture-1.json (0.433ms)
✔ fixtures/contracts/gesture-3.json (0.385292ms)
✔ fixtures/contracts/bad-version.json (0.610125ms)
✔ fixtures/contracts/bad-units.json (0.574958ms)
✔ fixtures/contracts/extra-field.json (0.301583ms)
✔ fixtures/contracts/self-pair.json (0.379667ms)
✔ fixtures/contracts/fake-impact.json (0.188375ms)
✔ fixtures/contracts/contact-near-miss.json (0.331375ms)
✔ fixtures/contracts/bad-pair-id.json (0.171917ms)
✔ fixtures/contracts/stale-times.json (0.185417ms)
✔ fixtures/contracts/mismatched-channels.json (0.391833ms)
✔ fixtures/contracts/wrong-receipt-clock.json (0.47875ms)
✔ fixtures/contracts/time-reversal.json (0.267958ms)
✔ fixtures/contracts/mixed-epoch.json (0.201042ms)
✔ fixtures/contracts/count-mismatch.json (0.473125ms)
✔ fixtures/contracts/double-gain-change.json (0.518291ms)
✔ fixtures/contracts/single-action.json (0.206959ms)
✔ fixtures/contracts/triple-default-action.json (0.263ms)
✔ fixtures/contracts/bad-quality-action.json (0.43925ms)
✔ fixtures/contracts/missing-approval.json (0.361667ms)
✔ fixtures/contracts/duplicate-object.json (0.359583ms)
✔ fixtures/contracts/inverted-bounds.json (0.354208ms)
✔ fixtures/contracts/invalid-quaternion.json (0.326916ms)
✔ fixtures/contracts/bad-hash.json (0.187375ms)
✔ fixtures/contracts/pitched-brush.json (0.192625ms)
✔ fixtures/contracts/overflow-note.json (0.341ms)
✔ fixtures/contracts/tempo-reversal.json (0.200542ms)
✔ fixtures/contracts/unpitched-note.json (0.422333ms)
✔ fixtures/contracts/quantized-foley.json (0.3665ms)
✔ fixtures/contracts/double-swing.json (0.321208ms)
✔ fixtures/contracts/register-inversion.json (0.319834ms)
✔ fixtures/contracts/bad-transition.json (0.186084ms)
✔ fixtures/contracts/leaky-split.json (0.395417ms)
✔ fixtures/contracts/fake-statistical-support.json (0.31725ms)
✔ fixtures/contracts/excess-armed-exposure.json (0.271708ms)
✔ fixtures/contracts/invalid-clock-range.json (0.370417ms)
✔ fixtures/contracts/non-positive-timeout.json (0.420917ms)
✔ nonfinite scores fail (0.45825ms)
✔ clock and gesture boundary discipline (0.734959ms)
✔ scheduler deduplicates sequence, preserves lanes and drops old epochs (2.020542ms)
✔ content hashing is exact bytes (0.16575ms)
✔ bundle rejects unknown references and catalogue versions (1.911292ms)
✔ Python envelope action passes frozen TypeScript contract without extra canonical fields (15.748708ms)
✔ keyboard: canonical adapter action uses Timeline.submit gates and one-pending limit (24.887042ms)
✔ synthetic: canonical adapter action uses Timeline.submit gates and one-pending limit (9.054875ms)
✔ replay: canonical adapter action uses Timeline.submit gates and one-pending limit (7.818ms)
✔ real_device: canonical adapter action uses Timeline.submit gates and one-pending limit (7.928625ms)
ℹ tests 70
ℹ suites 0
ℹ pass 70
ℹ fail 0
ℹ cancelled 0
ℹ skipped 0
ℹ todo 0
ℹ duration_ms 343.746375
