PYTHONPATH=.:src .venv/bin/python -m scenescore.cli test-contracts
{
  "status": "passed",
  "checks": [
    {
      "path": "fixtures/contracts/AcquisitionMetadata.json",
      "expected_valid": true,
      "actual_valid": true
    },
    {
      "path": "fixtures/contracts/EEGChunk.json",
      "expected_valid": true,
      "actual_valid": true
    },
    {
      "path": "fixtures/contracts/BlinkCandidate.json",
      "expected_valid": true,
      "actual_valid": true
    },
    {
      "path": "fixtures/contracts/GestureEvent.json",
      "expected_valid": true,
      "actual_valid": true
    },
    {
      "path": "fixtures/contracts/ControlAction.json",
      "expected_valid": true,
      "actual_valid": true
    },
    {
      "path": "fixtures/contracts/SceneManifest.json",
      "expected_valid": true,
      "actual_valid": true
    },
    {
      "path": "fixtures/contracts/ObjectState.json",
      "expected_valid": true,
      "actual_valid": true
    },
    {
      "path": "fixtures/contracts/InteractionEvent.json",
      "expected_valid": true,
      "actual_valid": true
    },
    {
      "path": "fixtures/contracts/CompositionSpec.json",
      "expected_valid": true,
      "actual_valid": true
    },
    {
      "path": "fixtures/contracts/BrushGroove.json",
      "expected_valid": true,
      "actual_valid": true
    },
    {
      "path": "fixtures/contracts/ScoreEvent.json",
      "expected_valid": true,
      "actual_valid": true
    },
    {
      "path": "fixtures/contracts/AudioAssetManifest.json",
      "expected_valid": true,
      "actual_valid": true
    },
    {
      "path": "fixtures/contracts/ArrangementPlan.json",
      "expected_valid": true,
      "actual_valid": true
    },
    {
      "path": "fixtures/contracts/Approval.json",
      "expected_valid": true,
      "actual_valid": true
    },
    {
      "path": "fixtures/contracts/ClockMapping.json",
      "expected_valid": true,
      "actual_valid": true
    },
    {
      "path": "fixtures/contracts/RunManifest.json",
      "expected_valid": true,
      "actual_valid": true
    },
    {
      "path": "fixtures/contracts/EvaluationReport.json",
      "expected_valid": true,
      "actual_valid": true
    },
    {
      "path": "fixtures/contracts/CapabilityRequest.json",
      "expected_valid": true,
      "actual_valid": true
    },
    {
      "path": "fixtures/contracts/near-miss.json",
      "expected_valid": true,
      "actual_valid": true
    },
    {
      "path": "fixtures/contracts/separating-pair.json",
      "expected_valid": true,
      "actual_valid": true
    },
    {
      "path": "fixtures/contracts/packet-loss.json",
      "expected_valid": true,
      "actual_valid": true
    },
    {
      "path": "fixtures/contracts/no-event.json",
      "expected_valid": true,
      "actual_valid": true
    },
    {
      "path": "fixtures/contracts/bad-quality.json",
      "expected_valid": true,
      "actual_valid": true
    },
    {
      "path": "fixtures/contracts/gesture-1.json",
      "expected_valid": true,
      "actual_valid": true
    },
    {
      "path": "fixtures/contracts/gesture-3.json",
      "expected_valid": true,
      "actual_valid": true
    },
    {
      "path": "fixtures/contracts/bad-version.json",
      "expected_valid": false,
      "actual_valid": false
    },
    {
      "path": "fixtures/contracts/bad-units.json",
      "expected_valid": false,
      "actual_valid": false
    },
    {
      "path": "fixtures/contracts/extra-field.json",
      "expected_valid": false,
      "actual_valid": false
    },
    {
      "path": "fixtures/contracts/self-pair.json",
      "expected_valid": false,
      "actual_valid": false
    },
    {
      "path": "fixtures/contracts/fake-impact.json",
      "expected_valid": false,
      "actual_valid": false
    },
    {
      "path": "fixtures/contracts/contact-near-miss.json",
      "expected_valid": false,
      "actual_valid": false
    },
    {
      "path": "fixtures/contracts/bad-pair-id.json",
      "expected_valid": false,
      "actual_valid": false
    },
    {
      "path": "fixtures/contracts/stale-times.json",
      "expected_valid": false,
      "actual_valid": false
    },
    {
      "path": "fixtures/contracts/mismatched-channels.json",
      "expected_valid": false,
      "actual_valid": false
    },
    {
      "path": "fixtures/contracts/wrong-receipt-clock.json",
      "expected_valid": false,
      "actual_valid": false
    },
    {
      "path": "fixtures/contracts/time-reversal.json",
      "expected_valid": false,
      "actual_valid": false
    },
    {
      "path": "fixtures/contracts/mixed-epoch.json",
      "expected_valid": false,
      "actual_valid": false
    },
    {
      "path": "fixtures/contracts/count-mismatch.json",
      "expected_valid": false,
      "actual_valid": false
    },
    {
      "path": "fixtures/contracts/double-gain-change.json",
      "expected_valid": false,
      "actual_valid": false
    },
    {
      "path": "fixtures/contracts/single-action.json",
      "expected_valid": false,
      "actual_valid": false
    },
    {
      "path": "fixtures/contracts/triple-default-action.json",
      "expected_valid": false,
      "actual_valid": false
    },
    {
      "path": "fixtures/contracts/bad-quality-action.json",
      "expected_valid": false,
      "actual_valid": false
    },
    {
      "path": "fixtures/contracts/missing-approval.json",
      "expected_valid": false,
      "actual_valid": false
    },
    {
      "path": "fixtures/contracts/duplicate-object.json",
      "expected_valid": false,
      "actual_valid": false
    },
    {
      "path": "fixtures/contracts/inverted-bounds.json",
      "expected_valid": false,
      "actual_valid": false
    },
    {
      "path": "fixtures/contracts/invalid-quaternion.json",
      "expected_valid": false,
      "actual_valid": false
    },
    {
      "path": "fixtures/contracts/bad-hash.json",
      "expected_valid": false,
      "actual_valid": false
    },
    {
      "path": "fixtures/contracts/pitched-brush.json",
      "expected_valid": false,
      "actual_valid": false
    },
    {
      "path": "fixtures/contracts/overflow-note.json",
      "expected_valid": false,
      "actual_valid": false
    },
    {
      "path": "fixtures/contracts/tempo-reversal.json",
      "expected_valid": false,
      "actual_valid": false
    },
    {
      "path": "fixtures/contracts/unpitched-note.json",
      "expected_valid": false,
      "actual_valid": false
    },
    {
      "path": "fixtures/contracts/quantized-foley.json",
      "expected_valid": false,
      "actual_valid": false
    },
    {
      "path": "fixtures/contracts/double-swing.json",
      "expected_valid": false,
      "actual_valid": false
    },
    {
      "path": "fixtures/contracts/register-inversion.json",
      "expected_valid": false,
      "actual_valid": false
    },
    {
      "path": "fixtures/contracts/bad-transition.json",
      "expected_valid": false,
      "actual_valid": false
    },
    {
      "path": "fixtures/contracts/leaky-split.json",
      "expected_valid": false,
      "actual_valid": false
    },
    {
      "path": "fixtures/contracts/fake-statistical-support.json",
      "expected_valid": false,
      "actual_valid": false
    },
    {
      "path": "fixtures/contracts/excess-armed-exposure.json",
      "expected_valid": false,
      "actual_valid": false
    },
    {
      "path": "fixtures/contracts/invalid-clock-range.json",
      "expected_valid": false,
      "actual_valid": false
    },
    {
      "path": "fixtures/contracts/non-positive-timeout.json",
      "expected_valid": false,
      "actual_valid": false
    }
  ],
  "evidence_mode": "synthetic"
}
npm run test:contracts

> scenescore-harness@0.1.0 test:contracts
> node --import tsx --test tests/ts/*.test.ts

✔ fixtures/contracts/AcquisitionMetadata.json (14.499541ms)
✔ fixtures/contracts/EEGChunk.json (0.693875ms)
✔ fixtures/contracts/BlinkCandidate.json (0.494541ms)
✔ fixtures/contracts/GestureEvent.json (0.541166ms)
✔ fixtures/contracts/ControlAction.json (0.654042ms)
✔ fixtures/contracts/SceneManifest.json (0.665917ms)
✔ fixtures/contracts/ObjectState.json (0.62725ms)
✔ fixtures/contracts/InteractionEvent.json (0.497042ms)
✔ fixtures/contracts/CompositionSpec.json (0.460542ms)
✔ fixtures/contracts/BrushGroove.json (0.47625ms)
✔ fixtures/contracts/ScoreEvent.json (0.368834ms)
✔ fixtures/contracts/AudioAssetManifest.json (0.254667ms)
✔ fixtures/contracts/ArrangementPlan.json (0.261834ms)
✔ fixtures/contracts/Approval.json (0.217375ms)
✔ fixtures/contracts/ClockMapping.json (0.305084ms)
✔ fixtures/contracts/RunManifest.json (0.381125ms)
✔ fixtures/contracts/EvaluationReport.json (0.599166ms)
✔ fixtures/contracts/CapabilityRequest.json (0.259834ms)
✔ fixtures/contracts/near-miss.json (0.314083ms)
✔ fixtures/contracts/separating-pair.json (0.281167ms)
✔ fixtures/contracts/packet-loss.json (0.281708ms)
✔ fixtures/contracts/no-event.json (0.1905ms)
✔ fixtures/contracts/bad-quality.json (1.104542ms)
✔ fixtures/contracts/gesture-1.json (0.263584ms)
✔ fixtures/contracts/gesture-3.json (0.18875ms)
✔ fixtures/contracts/bad-version.json (0.375333ms)
✔ fixtures/contracts/bad-units.json (0.187333ms)
✔ fixtures/contracts/extra-field.json (0.229333ms)
✔ fixtures/contracts/self-pair.json (0.211459ms)
✔ fixtures/contracts/fake-impact.json (0.172459ms)
✔ fixtures/contracts/contact-near-miss.json (0.193292ms)
✔ fixtures/contracts/bad-pair-id.json (0.168792ms)
✔ fixtures/contracts/stale-times.json (0.188791ms)
✔ fixtures/contracts/mismatched-channels.json (0.263875ms)
✔ fixtures/contracts/wrong-receipt-clock.json (0.18675ms)
✔ fixtures/contracts/time-reversal.json (0.189625ms)
✔ fixtures/contracts/mixed-epoch.json (0.157459ms)
✔ fixtures/contracts/count-mismatch.json (0.149167ms)
✔ fixtures/contracts/double-gain-change.json (0.221125ms)
✔ fixtures/contracts/single-action.json (0.154167ms)
✔ fixtures/contracts/triple-default-action.json (0.138625ms)
✔ fixtures/contracts/bad-quality-action.json (0.151459ms)
✔ fixtures/contracts/missing-approval.json (0.153292ms)
✔ fixtures/contracts/duplicate-object.json (0.323458ms)
✔ fixtures/contracts/inverted-bounds.json (0.42275ms)
✔ fixtures/contracts/invalid-quaternion.json (0.354708ms)
✔ fixtures/contracts/bad-hash.json (0.222208ms)
✔ fixtures/contracts/pitched-brush.json (0.195542ms)
✔ fixtures/contracts/overflow-note.json (0.265583ms)
✔ fixtures/contracts/tempo-reversal.json (0.239958ms)
✔ fixtures/contracts/unpitched-note.json (0.20675ms)
✔ fixtures/contracts/quantized-foley.json (0.158125ms)
✔ fixtures/contracts/double-swing.json (0.140917ms)
✔ fixtures/contracts/register-inversion.json (0.184625ms)
✔ fixtures/contracts/bad-transition.json (0.170625ms)
✔ fixtures/contracts/leaky-split.json (0.191792ms)
✔ fixtures/contracts/fake-statistical-support.json (0.17475ms)
✔ fixtures/contracts/excess-armed-exposure.json (0.13725ms)
✔ fixtures/contracts/invalid-clock-range.json (0.15875ms)
✔ fixtures/contracts/non-positive-timeout.json (0.155459ms)
✔ nonfinite scores fail (0.292458ms)
✔ clock and gesture boundary discipline (0.513917ms)
✔ scheduler deduplicates sequence, preserves lanes and drops old epochs (0.983ms)
✔ content hashing is exact bytes (0.139125ms)
✔ bundle rejects unknown references and catalogue versions (1.832417ms)
ℹ tests 65
ℹ suites 0
ℹ pass 65
ℹ fail 0
ℹ cancelled 0
ℹ skipped 0
ℹ todo 0
ℹ duration_ms 303.300083
PYTHONPATH=.:src .venv/bin/python -m pytest -q
........................................................................ [ 28%]
........................................................................ [ 56%]
........................................................................ [ 84%]
.........................................                                [100%]
=============================== warnings summary ===============================
.venv/lib/python3.13/site-packages/fastapi/testclient.py:1
  /Users/agent/Desktop/SceneScore/.venv/lib/python3.13/site-packages/fastapi/testclient.py:1: StarletteDeprecationWarning: Using `httpx` with `starlette.testclient` is deprecated; install `httpx2` instead.
    from starlette.testclient import TestClient as TestClient  # noqa

.venv/lib/python3.13/site-packages/starlette/testclient.py:53
  /Users/agent/Desktop/SceneScore/.venv/lib/python3.13/site-packages/starlette/testclient.py:53: DeprecationWarning: The anyio.abc.BlockingPortal alias is deprecated, use anyio.from_thread.BlockingPortal instead.
    _PortalFactoryType = Callable[[], AbstractContextManager[anyio.abc.BlockingPortal]]

-- Docs: https://docs.pytest.org/en/stable/how-to/capture-warnings.html
257 passed, 2 warnings in 46.72s
.venv/bin/ruff check src tests modules tools/*.py
All checks passed!
node --import tsx --test packages/audio/tests/*.test.ts
✔ mix journal validates time ordering and explicit mute at each point (0.671292ms)
✔ voice bounds count overlapping intervals and permit adjacent notes (0.226208ms)
✔ local transition matches independent Python compiler golden (12.320334ms)
✔ default double preserves independent expression and all unpitched events (3.322625ms)
✔ causal geometry direction never reads future or unknown coverage (1.382ms)
✔ approval binds exact bytes and changing assets invalidates it (23.409875ms)
✔ duplicate action and repeated train deliver once; pending queue capped (3.134375ms)
✔ late request selects next feasible boundary and never schedules past (1.984291ms)
✔ seek clears queue, advances epoch and preserves external dedup history (2.404209ms)
✔ bad quality, unrelated expression, wrong plan and unmapped clocks fail closed (2.734166ms)
✔ stationary and experimental controls cannot silently act (1.635209ms)
✔ video corrections are bounded and hard seeks rate-limited (0.217334ms)
✔ stable hash independent of property insertion order (2.027333ms)
✔ pause before queued boundary rolls back the unexecuted key change (2.80075ms)
ℹ tests 14
ℹ suites 0
ℹ pass 14
ℹ fail 0
ℹ cancelled 0
ℹ skipped 0
ℹ todo 0
ℹ duration_ms 333.322917
npm run typecheck

> scenescore-harness@0.1.0 typecheck
> tsc --noEmit

npm run build

> scenescore-harness@0.1.0 build
> vite build apps/web --outDir ../../artifacts/web-dist

vite v7.3.6 building client environment for production...
transforming...
✓ 208 modules transformed.

(!) outDir /Users/agent/Desktop/SceneScore/artifacts/web-dist is not inside project root and will not be emptied.
Use --emptyOutDir to override.

rendering chunks...
computing gzip size...
../../artifacts/web-dist/index.html                   0.40 kB │ gzip:   0.29 kB
../../artifacts/web-dist/assets/index-CaUESdpY.css    5.79 kB │ gzip:   1.96 kB
../../artifacts/web-dist/assets/index-_8jsfh8P.js   426.01 kB │ gzip: 128.72 kB
✓ built in 1.01s
