COMMAND ["make", "test-contracts"]
PYTHONPATH=.:src .venv/bin/python -m scenescore.cli test-contracts
{
  "status": "passed",
  "checks": [
    {
      "path": "fixtures/contracts/AcquisitionMetadata.json",
      "expected_valid": true,
      "actual_valid": true
    },
    {
      "path": "fixtures/contracts/EEGChunk.json",
      "expected_valid": true,
      "actual_valid": true
    },
    {
      "path": "fixtures/contracts/BlinkCandidate.json",
      "expected_valid": true,
      "actual_valid": true
    },
    {
      "path": "fixtures/contracts/GestureEvent.json",
      "expected_valid": true,
      "actual_valid": true
    },
    {
      "path": "fixtures/contracts/ControlAction.json",
      "expected_valid": true,
      "actual_valid": true
    },
    {
      "path": "fixtures/contracts/SceneManifest.json",
      "expected_valid": true,
      "actual_valid": true
    },
    {
      "path": "fixtures/contracts/ObjectState.json",
      "expected_valid": true,
      "actual_valid": true
    },
    {
      "path": "fixtures/contracts/InteractionEvent.json",
      "expected_valid": true,
      "actual_valid": true
    },
    {
      "path": "fixtures/contracts/CompositionSpec.json",
      "expected_valid": true,
      "actual_valid": true
    },
    {
      "path": "fixtures/contracts/BrushGroove.json",
      "expected_valid": true,
      "actual_valid": true
    },
    {
      "path": "fixtures/contracts/ScoreEvent.json",
      "expected_valid": true,
      "actual_valid": true
    },
    {
      "path": "fixtures/contracts/AudioAssetManifest.json",
      "expected_valid": true,
      "actual_valid": true
    },
    {
      "path": "fixtures/contracts/ArrangementPlan.json",
      "expected_valid": true,
      "actual_valid": true
    },
    {
      "path": "fixtures/contracts/Approval.json",
      "expected_valid": true,
      "actual_valid": true
    },
    {
      "path": "fixtures/contracts/ClockMapping.json",
      "expected_valid": true,
      "actual_valid": true
    },
    {
      "path": "fixtures/contracts/RunManifest.json",
      "expected_valid": true,
      "actual_valid": true
    },
    {
      "path": "fixtures/contracts/EvaluationReport.json",
      "expected_valid": true,
      "actual_valid": true
    },
    {
      "path": "fixtures/contracts/CapabilityRequest.json",
      "expected_valid": true,
      "actual_valid": true
    },
    {
      "path": "fixtures/contracts/near-miss.json",
      "expected_valid": true,
      "actual_valid": true
    },
    {
      "path": "fixtures/contracts/separating-pair.json",
      "expected_valid": true,
      "actual_valid": true
    },
    {
      "path": "fixtures/contracts/packet-loss.json",
      "expected_valid": true,
      "actual_valid": true
    },
    {
      "path": "fixtures/contracts/no-event.json",
      "expected_valid": true,
      "actual_valid": true
    },
    {
      "path": "fixtures/contracts/bad-quality.json",
      "expected_valid": true,
      "actual_valid": true
    },
    {
      "path": "fixtures/contracts/gesture-1.json",
      "expected_valid": true,
      "actual_valid": true
    },
    {
      "path": "fixtures/contracts/gesture-3.json",
      "expected_valid": true,
      "actual_valid": true
    },
    {
      "path": "fixtures/contracts/bad-version.json",
      "expected_valid": false,
      "actual_valid": false
    },
    {
      "path": "fixtures/contracts/bad-units.json",
      "expected_valid": false,
      "actual_valid": false
    },
    {
      "path": "fixtures/contracts/extra-field.json",
      "expected_valid": false,
      "actual_valid": false
    },
    {
      "path": "fixtures/contracts/self-pair.json",
      "expected_valid": false,
      "actual_valid": false
    },
    {
      "path": "fixtures/contracts/fake-impact.json",
      "expected_valid": false,
      "actual_valid": false
    },
    {
      "path": "fixtures/contracts/contact-near-miss.json",
      "expected_valid": false,
      "actual_valid": false
    },
    {
      "path": "fixtures/contracts/bad-pair-id.json",
      "expected_valid": false,
      "actual_valid": false
    },
    {
      "path": "fixtures/contracts/stale-times.json",
      "expected_valid": false,
      "actual_valid": false
    },
    {
      "path": "fixtures/contracts/mismatched-channels.json",
      "expected_valid": false,
      "actual_valid": false
    },
    {
      "path": "fixtures/contracts/wrong-receipt-clock.json",
      "expected_valid": false,
      "actual_valid": false
    },
    {
      "path": "fixtures/contracts/time-reversal.json",
      "expected_valid": false,
      "actual_valid": false
    },
    {
      "path": "fixtures/contracts/mixed-epoch.json",
      "expected_valid": false,
      "actual_valid": false
    },
    {
      "path": "fixtures/contracts/count-mismatch.json",
      "expected_valid": false,
      "actual_valid": false
    },
    {
      "path": "fixtures/contracts/double-gain-change.json",
      "expected_valid": false,
      "actual_valid": false
    },
    {
      "path": "fixtures/contracts/single-action.json",
      "expected_valid": false,
      "actual_valid": false
    },
    {
      "path": "fixtures/contracts/triple-default-action.json",
      "expected_valid": false,
      "actual_valid": false
    },
    {
      "path": "fixtures/contracts/bad-quality-action.json",
      "expected_valid": false,
      "actual_valid": false
    },
    {
      "path": "fixtures/contracts/missing-approval.json",
      "expected_valid": false,
      "actual_valid": false
    },
    {
      "path": "fixtures/contracts/duplicate-object.json",
      "expected_valid": false,
      "actual_valid": false
    },
    {
      "path": "fixtures/contracts/inverted-bounds.json",
      "expected_valid": false,
      "actual_valid": false
    },
    {
      "path": "fixtures/contracts/invalid-quaternion.json",
      "expected_valid": false,
      "actual_valid": false
    },
    {
      "path": "fixtures/contracts/bad-hash.json",
      "expected_valid": false,
      "actual_valid": false
    },
    {
      "path": "fixtures/contracts/pitched-brush.json",
      "expected_valid": false,
      "actual_valid": false
    },
    {
      "path": "fixtures/contracts/overflow-note.json",
      "expected_valid": false,
      "actual_valid": false
    },
    {
      "path": "fixtures/contracts/tempo-reversal.json",
      "expected_valid": false,
      "actual_valid": false
    },
    {
      "path": "fixtures/contracts/unpitched-note.json",
      "expected_valid": false,
      "actual_valid": false
    },
    {
      "path": "fixtures/contracts/quantized-foley.json",
      "expected_valid": false,
      "actual_valid": false
    },
    {
      "path": "fixtures/contracts/double-swing.json",
      "expected_valid": false,
      "actual_valid": false
    },
    {
      "path": "fixtures/contracts/register-inversion.json",
      "expected_valid": false,
      "actual_valid": false
    },
    {
      "path": "fixtures/contracts/bad-transition.json",
      "expected_valid": false,
      "actual_valid": false
    },
    {
      "path": "fixtures/contracts/leaky-split.json",
      "expected_valid": false,
      "actual_valid": false
    },
    {
      "path": "fixtures/contracts/fake-statistical-support.json",
      "expected_valid": false,
      "actual_valid": false
    },
    {
      "path": "fixtures/contracts/excess-armed-exposure.json",
      "expected_valid": false,
      "actual_valid": false
    },
    {
      "path": "fixtures/contracts/invalid-clock-range.json",
      "expected_valid": false,
      "actual_valid": false
    },
    {
      "path": "fixtures/contracts/non-positive-timeout.json",
      "expected_valid": false,
      "actual_valid": false
    }
  ],
  "evidence_mode": "synthetic"
}
npm run test:contracts

> scenescore-harness@0.1.0 test:contracts
> node --import tsx --test tests/ts/*.test.ts

✔ fixtures/contracts/AcquisitionMetadata.json (16.579875ms)
✔ fixtures/contracts/EEGChunk.json (0.69625ms)
✔ fixtures/contracts/BlinkCandidate.json (0.492958ms)
✔ fixtures/contracts/GestureEvent.json (0.563667ms)
✔ fixtures/contracts/ControlAction.json (0.648875ms)
✔ fixtures/contracts/SceneManifest.json (0.661417ms)
✔ fixtures/contracts/ObjectState.json (0.669708ms)
✔ fixtures/contracts/InteractionEvent.json (0.521416ms)
✔ fixtures/contracts/CompositionSpec.json (1.329917ms)
✔ fixtures/contracts/BrushGroove.json (0.776833ms)
✔ fixtures/contracts/ScoreEvent.json (0.566792ms)
✔ fixtures/contracts/AudioAssetManifest.json (0.310583ms)
✔ fixtures/contracts/ArrangementPlan.json (0.378833ms)
✔ fixtures/contracts/Approval.json (0.290541ms)
✔ fixtures/contracts/ClockMapping.json (0.452084ms)
✔ fixtures/contracts/RunManifest.json (0.42825ms)
✔ fixtures/contracts/EvaluationReport.json (0.437125ms)
✔ fixtures/contracts/CapabilityRequest.json (0.52275ms)
✔ fixtures/contracts/near-miss.json (0.470833ms)
✔ fixtures/contracts/separating-pair.json (0.288ms)
✔ fixtures/contracts/packet-loss.json (0.423917ms)
✔ fixtures/contracts/no-event.json (0.25675ms)
✔ fixtures/contracts/bad-quality.json (0.243208ms)
✔ fixtures/contracts/gesture-1.json (0.32125ms)
✔ fixtures/contracts/gesture-3.json (0.225125ms)
✔ fixtures/contracts/bad-version.json (0.719708ms)
✔ fixtures/contracts/bad-units.json (0.393125ms)
✔ fixtures/contracts/extra-field.json (0.434625ms)
✔ fixtures/contracts/self-pair.json (0.264916ms)
✔ fixtures/contracts/fake-impact.json (0.202ms)
✔ fixtures/contracts/contact-near-miss.json (0.199292ms)
✔ fixtures/contracts/bad-pair-id.json (0.204041ms)
✔ fixtures/contracts/stale-times.json (0.357ms)
✔ fixtures/contracts/mismatched-channels.json (0.267791ms)
✔ fixtures/contracts/wrong-receipt-clock.json (0.19325ms)
✔ fixtures/contracts/time-reversal.json (0.210166ms)
✔ fixtures/contracts/mixed-epoch.json (0.171875ms)
✔ fixtures/contracts/count-mismatch.json (0.157417ms)
✔ fixtures/contracts/double-gain-change.json (0.242708ms)
✔ fixtures/contracts/single-action.json (0.1725ms)
✔ fixtures/contracts/triple-default-action.json (0.148416ms)
✔ fixtures/contracts/bad-quality-action.json (0.161125ms)
✔ fixtures/contracts/missing-approval.json (0.157208ms)
✔ fixtures/contracts/duplicate-object.json (0.176083ms)
✔ fixtures/contracts/inverted-bounds.json (0.191417ms)
✔ fixtures/contracts/invalid-quaternion.json (0.141084ms)
✔ fixtures/contracts/bad-hash.json (0.146625ms)
✔ fixtures/contracts/pitched-brush.json (0.166667ms)
✔ fixtures/contracts/overflow-note.json (0.199209ms)
✔ fixtures/contracts/tempo-reversal.json (0.18375ms)
✔ fixtures/contracts/unpitched-note.json (0.19275ms)
✔ fixtures/contracts/quantized-foley.json (0.162292ms)
✔ fixtures/contracts/double-swing.json (0.151291ms)
✔ fixtures/contracts/register-inversion.json (0.193917ms)
✔ fixtures/contracts/bad-transition.json (0.165084ms)
✔ fixtures/contracts/leaky-split.json (0.196ms)
✔ fixtures/contracts/fake-statistical-support.json (0.167584ms)
✔ fixtures/contracts/excess-armed-exposure.json (0.137917ms)
✔ fixtures/contracts/invalid-clock-range.json (0.169625ms)
✔ fixtures/contracts/non-positive-timeout.json (0.158875ms)
✔ nonfinite scores fail (0.363958ms)
✔ clock and gesture boundary discipline (1.029791ms)
✔ scheduler deduplicates sequence, preserves lanes and drops old epochs (2.327375ms)
✔ content hashing is exact bytes (0.246458ms)
✔ bundle rejects unknown references and catalogue versions (2.039584ms)
✔ Python envelope action passes frozen TypeScript contract without extra canonical fields (14.56475ms)
✔ keyboard: canonical adapter action uses Timeline.submit gates and one-pending limit (25.70425ms)
✔ synthetic: canonical adapter action uses Timeline.submit gates and one-pending limit (8.904125ms)
✔ replay: canonical adapter action uses Timeline.submit gates and one-pending limit (9.011208ms)
✔ real_device: canonical adapter action uses Timeline.submit gates and one-pending limit (7.361791ms)
ℹ tests 70
ℹ suites 0
ℹ pass 70
ℹ fail 0
ℹ cancelled 0
ℹ skipped 0
ℹ todo 0
ℹ duration_ms 371.334584
