✔ exact playback and handoff bytes pass preparation without claiming actual media (14.197208ms)
✔ changed exact source_events_bytes rejects before unlock (5.240792ms)
✔ changed exact playback_window_bytes rejects before unlock (2.859584ms)
✔ changed exact music_handoff_bytes rejects before unlock (3.533417ms)
✔ feature binding and handoff scene must agree (1.994834ms)
✔ silent support cannot become focus or motif owner (1.729084ms)
﹣ optional exact prepared Blender review candidate (0.1745ms) # SKIP
✔ mix journal validates time ordering and explicit mute at each point (0.820166ms)
✔ voice bounds count overlapping intervals and permit adjacent notes (0.25125ms)
✔ unprepared audio rolls back the entire pending modulation without preparing on acceptance (46.36ms)
✔ completed uninterrupted run is required for performance export; mix records edits (2.627417ms)
✔ prepared motion reader matches the causal reference across covered, missing and future times (20.557334ms)
✔ explicit semantic simulation has no invented detector latency and preserves lanes (25.034542ms)
✔ browser adapter rejects stale clock, excessive uncertainty and preclosure gesture (8.743625ms)
✔ cooperative tables exactly match synchronous transition output (279.826583ms)
✔ ack returns before preparation and arrival never runs synchronous refresh (213.610875ms)
✔ pause and seek cancel staged buffers/tables without a stale commit (181.386542ms)
✔ direct epoch reset invalidates staged preparation (155.743291ms)
✔ new plan identity cancels staged preparation without publication (155.702ms)
synthetic AudioContext preparation evidence {"events":308,"bytes":62527688,"slices":78,"max_slice_ms":4.15170900000021}
✔ actual default bundle stays within memory across two async modulations and reset (2569.461125ms)
✔ exact prepared bytes accept an intact bundle and reject mutated parsed score or scene (221.636833ms)
✔ changed encoded source bytes cannot retain an earlier approval input hash (17.653042ms)
✔ bound motion controls and holds cannot change while the exact plan remains unchanged (127.329084ms)
✔ musical projection preserves Python numeric tokens and strips only circular top-level fields (0.315458ms)
✔ acknowledgement interval and musical wait are separate clock intervals (1.726ms)
✔ both guide-tone acknowledgements schedule at receipt +20 ms before any source access or synthesis (998.036709ms)
✔ sounding lead/object/brush/Foley stay running while only the harmonic sustain is clipped (1133.539833ms)
✔ actual tonic updates at arrival while pending remains through the complete landing (831.630833ms)
✔ two signed modulations retain clipped timing, octave history, independent lanes and four exported acknowledgements (1109.358625ms)
✔ near-miss holds are filtered before playback and no candidate overlaps them (850.422542ms)
✔ pause cancels both acknowledgement sources and a pending program; seek clears performed history (832.349291ms)
✔ pause after actual arrival retains the executed key and completed past audio in the editable export (827.640416ms)
✔ partial acknowledgement scheduling failure fails closed and stops the first source (830.829875ms)
✔ cooperative pre-play cache has bounded slices and cancellation cannot publish stale readiness (1080.832625ms)
✔ normalized pitched buffers reuse velocity variants with exact independent gain restoration (826.428209ms)
﹣ exact prepared music candidate fits the real 48kHz cache and two controls (0.06075ms) # SKIP
✔ restart from the completed end prepares the restored generation before accepting another control (825.0625ms)
✔ offline performed rendering uses full prepared source buffers and preserved fragment offsets (1190.212792ms)
✔ oversized pre-play cache fails before allocating buffers or making playback ready (19.849792ms)
✔ local transition matches independent Python compiler golden (16.199375ms)
✔ default double preserves independent expression and all unpitched events (3.057416ms)
✔ causal geometry direction never reads future or unknown coverage (2.757375ms)
✔ approval binds exact bytes and changing assets invalidates it (76.695625ms)
✔ duplicate action and repeated train deliver once; pending queue capped (5.957583ms)
✔ late request selects next feasible boundary and never schedules past (4.933083ms)
✔ seek clears queue, advances epoch and preserves external dedup history (8.750417ms)
✔ bad quality, unrelated expression, wrong plan and unmapped clocks fail closed (11.738333ms)
✔ stationary and experimental controls cannot silently act (6.353417ms)
✔ video corrections are bounded and hard seeks rate-limited (0.584334ms)
✔ stable hash independent of property insertion order (1.56025ms)
✔ pause before queued boundary rolls back the unexecuted key change (4.694208ms)
✔ staccato and tenuto sound differently inside the same occupied slot (25.399542ms)
✔ offline preview is deterministic, preserves unrelated voices and never creates approval (144.9515ms)
✔ offline near-miss hold cannot stack with an unresolved transition (36.858958ms)
✔ preview rejects overlapping requests and holds on unknown motion (52.14425ms)
✔ exact frozen 216-entry table has concrete bounded voice leading and stable arrivals (3.572666ms)
✔ every enabled edge is indexed and jazz is inaccessible even for its ±2 edges (0.74575ms)
✔ all precomputed programs preserve independent lanes and acknowledgement velocity (3.388125ms)
✔ near-boundary selection uses earliest feasible safe arrival and honours strict expiry (0.180667ms)
✔ accepted-path selector never traverses original score or constructs a program (20.648125ms)
✔ unaffected lead/object/brush/Foley events retain reference and all independent fields (0.266875ms)
✔ a long affected sustain is split around the program without gap or double coverage (17.660542ms)
✔ two signed modulations resolve sequentially and tonic variants remain bounded (0.24525ms)
✔ successive overlays preserve a clipped sustain identity, timing and signed pitch history (19.215167ms)
✔ preparation rejects terminal or unordered arrivals, wrong table, and jazz activation (6.934208ms)
✔ native frame and sample clocks cannot silently differ (0.861459ms)
✔ selection preserves complete sustained event and source bytes (0.918875ms)
✔ fade has same physical endpoint after resume inside final ten milliseconds (0.258041ms)
✔ omitted and truncated ledgers must cover the exact complete source (0.17925ms)
ℹ tests 69
ℹ suites 0
ℹ pass 67
ℹ fail 0
ℹ cancelled 0
ℹ skipped 2
ℹ todo 0
ℹ duration_ms 11991.973333
