✔ all four modes retain provenance and every live gate is required (0.722333ms)
✔ feedback delayed beyond gesture and quiet window remains unreviewed, not truth (0.650416ms)
✔ clock requires two anchors, estimates rate, propagates uncertainty and rejects stale/skewed sources (0.603333ms)
✔ default fetch retains browser global receiver through authenticated handshake (35.161ms)
✔ mix journal validates time ordering and explicit mute at each point (1.01025ms)
✔ voice bounds count overlapping intervals and permit adjacent notes (0.306542ms)
✔ unprepared audio rolls back the entire pending modulation without preparing on acceptance (78.626333ms)
✔ completed uninterrupted run is required for performance export; mix records edits (3.680709ms)
✔ prepared motion reader matches the causal reference across covered, missing and future times (12.072125ms)
✔ explicit semantic simulation has no invented detector latency and preserves lanes (41.355458ms)
✔ browser adapter rejects stale clock, excessive uncertainty and preclosure gesture (6.908834ms)
✔ cooperative tables exactly match synchronous transition output (288.394166ms)
✔ ack returns before preparation and arrival never runs synchronous refresh (206.170542ms)
✔ pause and seek cancel staged buffers/tables without a stale commit (181.153125ms)
✔ direct epoch reset invalidates staged preparation (155.995458ms)
✔ new plan identity cancels staged preparation without publication (156.308166ms)
synthetic AudioContext preparation evidence {"events":308,"bytes":62527688,"slices":89,"max_slice_ms":4.088000000000193}
✔ actual default bundle stays within memory across two async modulations and reset (2736.596ms)
✔ exact prepared bytes accept an intact bundle and reject mutated parsed score or scene (216.410958ms)
✔ changed encoded source bytes cannot retain an earlier approval input hash (15.365458ms)
✔ bound motion controls and holds cannot change while the exact plan remains unchanged (128.586416ms)
✔ musical projection preserves Python numeric tokens and strips only circular top-level fields (0.3935ms)
✔ acknowledgement interval and musical wait are separate clock intervals (1.417292ms)
✔ both guide-tone acknowledgements schedule at receipt +20 ms before any source access or synthesis (1012.429208ms)
✔ sounding lead/object/brush/Foley stay running while only the harmonic sustain is clipped (1165.308625ms)
✔ actual tonic updates at arrival while pending remains through the complete landing (857.1595ms)
✔ two signed modulations retain clipped timing, octave history, independent lanes and four exported acknowledgements (1179.709208ms)
✔ near-miss holds are filtered before playback and no candidate overlaps them (862.576959ms)
✔ pause cancels both acknowledgement sources and a pending program; seek clears performed history (840.262833ms)
✔ pause after actual arrival retains the executed key and completed past audio in the editable export (836.481709ms)
✔ partial acknowledgement scheduling failure fails closed and stops the first source (832.868416ms)
✔ cooperative pre-play cache has bounded slices and cancellation cannot publish stale readiness (1097.174875ms)
✔ normalized pitched buffers reuse velocity variants with exact independent gain restoration (830.574292ms)
﹣ exact prepared music candidate fits the real 48kHz cache and two controls (0.069125ms) # SKIP
✔ restart from the completed end prepares the restored generation before accepting another control (845.640792ms)
✔ offline performed rendering uses full prepared source buffers and preserved fragment offsets (1185.983042ms)
✔ oversized pre-play cache fails before allocating buffers or making playback ready (17.754875ms)
✔ local transition matches independent Python compiler golden (39.311458ms)
✔ default double preserves independent expression and all unpitched events (4.214291ms)
✔ causal geometry direction never reads future or unknown coverage (2.559542ms)
✔ approval binds exact bytes and changing assets invalidates it (45.488875ms)
✔ duplicate action and repeated train deliver once; pending queue capped (14.407625ms)
✔ late request selects next feasible boundary and never schedules past (7.1265ms)
✔ seek clears queue, advances epoch and preserves external dedup history (5.377792ms)
✔ bad quality, unrelated expression, wrong plan and unmapped clocks fail closed (3.622959ms)
✔ stationary and experimental controls cannot silently act (3.351917ms)
✔ video corrections are bounded and hard seeks rate-limited (0.328584ms)
✔ stable hash independent of property insertion order (1.927ms)
✔ pause before queued boundary rolls back the unexecuted key change (6.846458ms)
✔ staccato and tenuto sound differently inside the same occupied slot (10.10525ms)
✔ offline preview is deterministic, preserves unrelated voices and never creates approval (157.87125ms)
✔ offline near-miss hold cannot stack with an unresolved transition (45.182375ms)
✔ preview rejects overlapping requests and holds on unknown motion (53.000375ms)
✔ exact frozen 216-entry table has concrete bounded voice leading and stable arrivals (5.245459ms)
✔ every enabled edge is indexed and jazz is inaccessible even for its ±2 edges (1.101125ms)
✔ all precomputed programs preserve independent lanes and acknowledgement velocity (4.27025ms)
✔ near-boundary selection uses earliest feasible safe arrival and honours strict expiry (0.372541ms)
✔ accepted-path selector never traverses original score or constructs a program (28.506125ms)
✔ unaffected lead/object/brush/Foley events retain reference and all independent fields (0.348666ms)
✔ a long affected sustain is split around the program without gap or double coverage (22.218333ms)
✔ two signed modulations resolve sequentially and tonic variants remain bounded (0.280917ms)
✔ successive overlays preserve a clipped sustain identity, timing and signed pitch history (22.247875ms)
✔ preparation rejects terminal or unordered arrivals, wrong table, and jazz activation (7.205333ms)
✔ native frame and sample clocks cannot silently differ (0.891792ms)
✔ selection preserves complete sustained event and source bytes (0.741833ms)
✔ fade has same physical endpoint after resume inside final ten milliseconds (0.288458ms)
ℹ tests 65
ℹ suites 0
ℹ pass 64
ℹ fail 0
ℹ cancelled 0
ℹ skipped 1
ℹ todo 0
ℹ duration_ms 12052.305083
