{
  "status": "DRAFT_NOT_APPROVED",
  "audition_status": "AUDITION_PENDING",
  "mux_sha256": "3013c1f8408602d5e2686012c9a1e25483aa2a044bb71d6a8feaca3b107a8efb",
  "source_report_sha256": "c79b6bd0a3998492cdfbaccb4afefddac10afcbe5ba4f48cda9a78d6d5cd8060",
  "jobs": [
    {
      "log": "artifacts/blender/revamp/integration/staircase-DRAFT.source-probe.log",
      "log_sha256": "c27529b22e66ca29cf112c05e64613241f62b8fcbe167111e80c25446547705d",
      "command": [
        "ffprobe",
        "-v",
        "error",
        "-threads",
        "2",
        "-show_streams",
        "-of",
        "json",
        "/Users/agent/Desktop/SceneScore/artifacts/blender/revamp/review/05_bouncing_staircase-32/preview.mp4"
      ],
      "timeout_s": 90,
      "status": "passed",
      "process_group_absent": true,
      "pid": 55760,
      "pgid": 55760,
      "returncode": 0,
      "cleanup_signals": [],
      "duration_s": 0.08848591696005315
    },
    {
      "log": "artifacts/blender/revamp/integration/staircase-DRAFT.encode.log",
      "log_sha256": "e3b0c44298fc1c149afbf4c8996fb92427ae41e4649b934ca495991b7852b855",
      "command": [
        "/opt/homebrew/bin/ffmpeg",
        "-nostdin",
        "-n",
        "-v",
        "error",
        "-threads",
        "2",
        "-i",
        "/Users/agent/Desktop/SceneScore/artifacts/blender/revamp/review/05_bouncing_staircase-32/preview.mp4",
        "-i",
        "output/playwright/blender-revamp/scenescore-DRAFT.wav",
        "-map",
        "0:v:0",
        "-map",
        "1:a:0",
        "-c:v",
        "copy",
        "-c:a",
        "aac",
        "-b:a",
        "192k",
        "-t",
        "8",
        "-movflags",
        "+faststart",
        "artifacts/blender/revamp/integration/staircase-DRAFT.mp4"
      ],
      "timeout_s": 90,
      "status": "passed",
      "process_group_absent": true,
      "pid": 55762,
      "pgid": 55762,
      "returncode": 0,
      "cleanup_signals": [],
      "duration_s": 0.3079864999745041
    },
    {
      "log": "artifacts/blender/revamp/integration/staircase-DRAFT.mux-probe.log",
      "log_sha256": "b5f056ab4bcdc3733a7cd09ddd458546b7ca6f3f0b3800e049f239d8a91d61b6",
      "command": [
        "ffprobe",
        "-v",
        "error",
        "-threads",
        "2",
        "-show_streams",
        "-show_format",
        "-of",
        "json",
        "artifacts/blender/revamp/integration/staircase-DRAFT.mp4"
      ],
      "timeout_s": 90,
      "status": "passed",
      "process_group_absent": true,
      "pid": 55763,
      "pgid": 55763,
      "returncode": 0,
      "cleanup_signals": [],
      "duration_s": 0.04735491599421948
    }
  ],
  "approval": null,
  "selection": {
    "approval": null,
    "entry": {
      "bundle_index_hash": "760d30c8198be56067bd8afaf2ef6cfe3369971084f829573cac4b6a5c99cc80",
      "media_validation_hash": "7b08a3fc7e749dfd6ca683242d1f5d224fa601476fe7a6b713111ba57e4464ac",
      "media_validation_path": "renders/preview/beauty/media-validation.json",
      "music_handoff_hash": "22fdfbffeee682607ad447a09bdc372ec80f981c6ae961a16c105681ec628712",
      "path": "revamp/review/05_bouncing_staircase-32",
      "physical_validation_hash": "70bbd227a476c5d26d7ed0a0e673d349bdb920ac55ff34ff87df4cbefe8b2253",
      "roles_hash": "6693da608f36a6f81d982e4546156ab8a8eafb59643b4c2b5bea6e73d6f562be",
      "scene_id": "05_bouncing_staircase:default:c5ee061e06e8074c",
      "source_hash": "854e00a2410ceab0aab690207a4649ad9c66c1255f7567cd954988ede1c6a30d",
      "video_hash": "4dda38d936d12b2948faf77712cd8767a8cbaae5ed11514f7776dbbf56c8cdc7"
    },
    "label": "Staged production review \u00b7 acceptance pending",
    "legacy_choreography": false,
    "selection_file": "/Users/agent/Desktop/SceneScore/artifacts/blender/revamp/review/staircase-selection.json",
    "selection_sha256": "5e51110a180eeaf7912cf4be11b8f5d0e469a0d25b0522d936d8e892bfc9886d",
    "variant": "05_bouncing_staircase"
  },
  "playback_window_sha256": "bbbaf2fd459469323a935bdfda9a7f997becb262b9e27011694e4c754957296f",
  "audio_encoding": "AAC transcode; original lossless WAV retained",
  "timestamp_offset_s": 0,
  "duration_s": 8
}
