
> scenescore-harness@0.1.0 test:contracts
> node --import tsx --test tests/ts/*.test.ts

✔ fixtures/contracts/AcquisitionMetadata.json (16.218792ms)
✔ fixtures/contracts/EEGChunk.json (0.908041ms)
✔ fixtures/contracts/BlinkCandidate.json (0.718708ms)
✔ fixtures/contracts/GestureEvent.json (0.754583ms)
✔ fixtures/contracts/ControlAction.json (0.644708ms)
✔ fixtures/contracts/SceneManifest.json (0.808ms)
✔ fixtures/contracts/ObjectState.json (0.785458ms)
✔ fixtures/contracts/InteractionEvent.json (0.614459ms)
✔ fixtures/contracts/CompositionSpec.json (0.459ms)
✔ fixtures/contracts/BrushGroove.json (0.415ms)
✔ fixtures/contracts/ScoreEvent.json (0.517916ms)
✔ fixtures/contracts/AudioAssetManifest.json (0.246791ms)
✔ fixtures/contracts/ArrangementPlan.json (0.583583ms)
✔ fixtures/contracts/Approval.json (0.436083ms)
✔ fixtures/contracts/ClockMapping.json (0.378916ms)
✔ fixtures/contracts/RunManifest.json (0.535125ms)
✔ fixtures/contracts/EvaluationReport.json (0.367ms)
✔ fixtures/contracts/CapabilityRequest.json (0.218292ms)
✔ fixtures/contracts/near-miss.json (0.207541ms)
✔ fixtures/contracts/separating-pair.json (0.17675ms)
✔ fixtures/contracts/packet-loss.json (0.372625ms)
✔ fixtures/contracts/no-event.json (0.298834ms)
✔ fixtures/contracts/bad-quality.json (0.273875ms)
✔ fixtures/contracts/gesture-1.json (0.462459ms)
✔ fixtures/contracts/gesture-3.json (0.421334ms)
✔ fixtures/contracts/bad-version.json (0.595709ms)
✔ fixtures/contracts/bad-units.json (0.505709ms)
✔ fixtures/contracts/extra-field.json (0.2725ms)
✔ fixtures/contracts/self-pair.json (0.362458ms)
✔ fixtures/contracts/fake-impact.json (0.181167ms)
✔ fixtures/contracts/contact-near-miss.json (0.342083ms)
✔ fixtures/contracts/bad-pair-id.json (0.165417ms)
✔ fixtures/contracts/stale-times.json (0.189125ms)
✔ fixtures/contracts/mismatched-channels.json (0.314833ms)
✔ fixtures/contracts/wrong-receipt-clock.json (0.515084ms)
✔ fixtures/contracts/time-reversal.json (0.306333ms)
✔ fixtures/contracts/mixed-epoch.json (0.1985ms)
✔ fixtures/contracts/count-mismatch.json (0.295459ms)
✔ fixtures/contracts/double-gain-change.json (0.35075ms)
✔ fixtures/contracts/single-action.json (0.17375ms)
✔ fixtures/contracts/triple-default-action.json (0.160291ms)
✔ fixtures/contracts/bad-quality-action.json (0.313625ms)
✔ fixtures/contracts/missing-approval.json (0.237042ms)
✔ fixtures/contracts/duplicate-object.json (0.280458ms)
✔ fixtures/contracts/inverted-bounds.json (0.26725ms)
✔ fixtures/contracts/invalid-quaternion.json (0.243083ms)
✔ fixtures/contracts/bad-hash.json (0.167ms)
✔ fixtures/contracts/pitched-brush.json (0.172625ms)
✔ fixtures/contracts/overflow-note.json (0.320583ms)
✔ fixtures/contracts/tempo-reversal.json (0.187833ms)
✔ fixtures/contracts/unpitched-note.json (0.359833ms)
✔ fixtures/contracts/quantized-foley.json (0.271833ms)
✔ fixtures/contracts/double-swing.json (0.249541ms)
✔ fixtures/contracts/register-inversion.json (0.264917ms)
✔ fixtures/contracts/bad-transition.json (0.166667ms)
✔ fixtures/contracts/leaky-split.json (0.341625ms)
✔ fixtures/contracts/fake-statistical-support.json (0.243208ms)
✔ fixtures/contracts/excess-armed-exposure.json (0.233166ms)
✔ fixtures/contracts/invalid-clock-range.json (0.1695ms)
✔ fixtures/contracts/non-positive-timeout.json (0.160792ms)
✔ nonfinite scores fail (0.294792ms)
✔ clock and gesture boundary discipline (1.121917ms)
✔ scheduler deduplicates sequence, preserves lanes and drops old epochs (0.973083ms)
✔ content hashing is exact bytes (0.143416ms)
✔ bundle rejects unknown references and catalogue versions (1.670292ms)
✔ Python envelope action passes frozen TypeScript contract without extra canonical fields (13.183375ms)
✔ keyboard: canonical adapter action uses Timeline.submit gates and one-pending limit (21.617042ms)
✔ synthetic: canonical adapter action uses Timeline.submit gates and one-pending limit (7.968917ms)
✔ replay: canonical adapter action uses Timeline.submit gates and one-pending limit (7.072333ms)
✔ real_device: canonical adapter action uses Timeline.submit gates and one-pending limit (6.842583ms)
ℹ tests 70
ℹ suites 0
ℹ pass 70
ℹ fail 0
ℹ cancelled 0
ℹ skipped 0
ℹ todo 0
ℹ duration_ms 317.672375
