✔ exact playback and handoff bytes pass preparation without claiming actual media (10.469209ms)
✔ changed exact source_events_bytes rejects before unlock (1.051417ms)
✔ changed exact playback_window_bytes rejects before unlock (0.803167ms)
✔ changed exact music_handoff_bytes rejects before unlock (0.826292ms)
✔ feature binding and handoff scene must agree (0.941625ms)
✔ silent support cannot become focus or motif owner (0.742208ms)
✔ optional exact prepared Blender review candidate (180.000291ms)
✔ bound runtime policy rejects remove_window (1.014ms)
✔ bound runtime policy rejects remove_policy (0.869833ms)
✔ bound runtime policy rejects different_policy (0.920167ms)
✔ mix journal validates time ordering and explicit mute at each point (0.995333ms)
✔ voice bounds count overlapping intervals and permit adjacent notes (0.374833ms)
✔ unprepared audio rolls back the entire pending modulation without preparing on acceptance (55.829ms)
✔ completed uninterrupted run is required for performance export; mix records edits (6.775125ms)
✔ prepared motion reader matches the causal reference across covered, missing and future times (28.315917ms)
✔ explicit semantic simulation has no invented detector latency and preserves lanes (16.101625ms)
✔ browser adapter rejects stale clock, excessive uncertainty and preclosure gesture (14.756208ms)
✔ cooperative tables exactly match synchronous transition output (285.655667ms)
✔ ack returns before preparation and arrival never runs synchronous refresh (197.298875ms)
✔ pause and seek cancel staged buffers/tables without a stale commit (180.779583ms)
✔ direct epoch reset invalidates staged preparation (157.4265ms)
✔ new plan identity cancels staged preparation without publication (155.976959ms)
synthetic AudioContext preparation evidence {"events":308,"bytes":62527688,"slices":80,"max_slice_ms":4.088333000000148}
✔ actual default bundle stays within memory across two async modulations and reset (2619.323166ms)
✔ exact prepared bytes accept an intact bundle and reject mutated parsed score or scene (194.006375ms)
✔ changed encoded source bytes cannot retain an earlier approval input hash (17.258ms)
✔ bound motion controls and holds cannot change while the exact plan remains unchanged (110.117041ms)
✔ musical projection preserves Python numeric tokens and strips only circular top-level fields (0.2735ms)
✔ acknowledgement interval and musical wait are separate clock intervals (1.204042ms)
✔ both guide-tone acknowledgements schedule at receipt +20 ms before any source access or synthesis (1002.244667ms)
✔ sounding lead/object/brush/Foley stay running while only the harmonic sustain is clipped (1148.488209ms)
✔ actual tonic updates at arrival while pending remains through the complete landing (847.806ms)
✔ two signed modulations retain clipped timing, octave history, independent lanes and four exported acknowledgements (1142.521834ms)
✔ near-miss holds are filtered before playback and no candidate overlaps them (860.424584ms)
✔ pause cancels both acknowledgement sources and a pending program; seek clears performed history (838.200542ms)
✔ pause after actual arrival retains the executed key and completed past audio in the editable export (844.961167ms)
✔ partial acknowledgement scheduling failure fails closed and stops the first source (841.103166ms)
✔ cooperative pre-play cache has bounded slices and cancellation cannot publish stale readiness (1110.399833ms)
✔ normalized pitched buffers reuse velocity variants with exact independent gain restoration (845.211792ms)
﹣ exact prepared music candidate fits the real 48kHz cache and two controls (0.071083ms) # SKIP
✔ restart from the completed end prepares the restored generation before accepting another control (844.238834ms)
✔ offline performed rendering uses full prepared source buffers and preserved fragment offsets (1173.990916ms)
✔ oversized pre-play cache fails before allocating buffers or making playback ready (18.693166ms)
✔ local transition matches independent Python compiler golden (22.523833ms)
✔ default double preserves independent expression and all unpitched events (2.688667ms)
✔ causal geometry direction never reads future or unknown coverage (2.808625ms)
✔ approval binds exact bytes and changing assets invalidates it (60.80225ms)
✔ duplicate action and repeated train deliver once; pending queue capped (8.336625ms)
✔ late request selects next feasible boundary and never schedules past (3.944875ms)
✔ seek clears queue, advances epoch and preserves external dedup history (11.053583ms)
✔ bad quality, unrelated expression, wrong plan and unmapped clocks fail closed (4.746667ms)
✔ stationary and experimental controls cannot silently act (4.844875ms)
✔ video corrections are bounded and hard seeks rate-limited (0.290834ms)
✔ stable hash independent of property insertion order (2.408959ms)
✔ pause before queued boundary rolls back the unexecuted key change (6.475791ms)
✔ staccato and tenuto sound differently inside the same occupied slot (15.071459ms)
✔ offline preview is deterministic, preserves unrelated voices and never creates approval (167.488458ms)
✔ offline near-miss hold cannot stack with an unresolved transition (36.293417ms)
✔ preview rejects overlapping requests and holds on unknown motion (48.611291ms)
✔ exact frozen 216-entry table has concrete bounded voice leading and stable arrivals (2.941083ms)
✔ every enabled edge is indexed and jazz is inaccessible even for its ±2 edges (0.723083ms)
✔ all precomputed programs preserve independent lanes and acknowledgement velocity (3.615209ms)
✔ near-boundary selection uses earliest feasible safe arrival and honours strict expiry (0.209625ms)
✔ accepted-path selector never traverses original score or constructs a program (19.075458ms)
✔ unaffected lead/object/brush/Foley events retain reference and all independent fields (0.224583ms)
✔ a long affected sustain is split around the program without gap or double coverage (16.819875ms)
✔ two signed modulations resolve sequentially and tonic variants remain bounded (0.245417ms)
✔ successive overlays preserve a clipped sustain identity, timing and signed pitch history (17.476292ms)
✔ preparation rejects terminal or unordered arrivals, wrong table, and jazz activation (6.237542ms)
✔ native frame and sample clocks cannot silently differ (0.766125ms)
✔ selection preserves complete sustained event and source bytes (0.833208ms)
✔ fade has same physical endpoint after resume inside final ten milliseconds (0.249042ms)
✔ omitted and truncated ledgers must cover the exact complete source (0.161625ms)
ℹ tests 72
ℹ suites 0
ℹ pass 71
ℹ fail 0
ℹ cancelled 0
ℹ skipped 1
ℹ todo 0
ℹ duration_ms 11993.500875
